
> nextn@0.1.0 build /Users/josephaidoo/Desktop/Codes/vibe Coding/Onboarding-Dashbaord-main
> NODE_OPTIONS='--max-old-space-size=4096' next build

